16        002Khawer Hayat                    PF     19 17 27
11 BSEF09M005Riffat Kaleem DLD    30 24 38
6 BSEF09M003Younas Ahmad                    ITC    30 AB 29
13 BSEF09M012Barkat Jan                      PF     19    28
21 BITF09M010Yasir Ubaid                            18 20 31
